  console.log
    [dotenv@17.2.3] injecting env (17) from .env -- tip: ≡ƒöÉ prevent committing .env to code: https://dotenvx.com/precommit

      at _log (node_modules/dotenv/lib/main.js:142:11)

  console.log
    
    ≡ƒÜÇ Authentication System Testing Started

      at Object.log (tests/system/AuthenticationFlow.test.js:222:17)

  console.log
    
    --- TEST: Complete Login Flow ---

      at Object.log (tests/system/AuthenticationFlow.test.js:242:21)

  console.log
       [Step 1] User melakukan login...

      at Object.log (tests/system/AuthenticationFlow.test.js:245:21)

